Info: Starting: Create block symbol file (.bsf)
Info: qsys-generate C:\Users\tangh\TANGHV\code\MAVLink\proj.qsys --block-symbol-file --output-directory=C:\Users\tangh\TANGHV\code\MAVLink\proj --family="Cyclone V" --part=5CEBA4F23C7
Progress: Loading MAVLink/proj.qsys
Progress: Reading input file
Progress: Adding clk_0 [clock_source 18.1]
Progress: Parameterizing module clk_0
Progress: Adding jtag_uart_0 [altera_avalon_jtag_uart 18.1]
Progress: Parameterizing module jtag_uart_0
Progress: Adding leds_0 [leds 1.0]
Progress: Parameterizing module leds_0
Progress: Adding nios2_gen2_0 [altera_nios2_gen2 18.1]
Progress: Parameterizing module nios2_gen2_0
Progress: Adding onchip_memory2_0 [altera_avalon_onchip_memory2 18.1]
Progress: Parameterizing module onchip_memory2_0
Progress: Adding rx_0 [rx 1.0]
Progress: Parameterizing module rx_0
Progress: Adding tx_0 [tx 1.0]
Progress: Parameterizing module tx_0
Progress: Adding urx_0 [urx 1.0]
Progress: Parameterizing module urx_0
Progress: Building connections
Progress: Parameterizing connections
Progress: Validating
Progress: Done reading input file
Info: proj.jtag_uart_0: JTAG UART IP input clock need to be at least double (2x) the operating frequency of JTAG TCK on board
Info: qsys-generate succeeded.
Info: Finished: Create block symbol file (.bsf)
Info: 
Info: Starting: Create HDL design files for synthesis
Info: qsys-generate C:\Users\tangh\TANGHV\code\MAVLink\proj.qsys --synthesis=VERILOG --output-directory=C:\Users\tangh\TANGHV\code\MAVLink\proj\synthesis --family="Cyclone V" --part=5CEBA4F23C7
Progress: Loading MAVLink/proj.qsys
Progress: Reading input file
Progress: Adding clk_0 [clock_source 18.1]
Progress: Parameterizing module clk_0
Progress: Adding jtag_uart_0 [altera_avalon_jtag_uart 18.1]
Progress: Parameterizing module jtag_uart_0
Progress: Adding leds_0 [leds 1.0]
Progress: Parameterizing module leds_0
Progress: Adding nios2_gen2_0 [altera_nios2_gen2 18.1]
Progress: Parameterizing module nios2_gen2_0
Progress: Adding onchip_memory2_0 [altera_avalon_onchip_memory2 18.1]
Progress: Parameterizing module onchip_memory2_0
Progress: Adding rx_0 [rx 1.0]
Progress: Parameterizing module rx_0
Progress: Adding tx_0 [tx 1.0]
Progress: Parameterizing module tx_0
Progress: Adding urx_0 [urx 1.0]
Progress: Parameterizing module urx_0
Progress: Building connections
Progress: Parameterizing connections
Progress: Validating
Progress: Done reading input file
Info: proj.jtag_uart_0: JTAG UART IP input clock need to be at least double (2x) the operating frequency of JTAG TCK on board
Info: proj: Generating proj "proj" for QUARTUS_SYNTH
Info: jtag_uart_0: Starting RTL generation for module 'proj_jtag_uart_0'
Info: jtag_uart_0:   Generation command is [exec C:/intelfpga_lite/18.1/quartus/bin64/perl/bin/perl.exe -I C:/intelfpga_lite/18.1/quartus/bin64/perl/lib -I C:/intelfpga_lite/18.1/quartus/sopc_builder/bin/europa -I C:/intelfpga_lite/18.1/quartus/sopc_builder/bin/perl_lib -I C:/intelfpga_lite/18.1/quartus/sopc_builder/bin -I C:/intelfpga_lite/18.1/quartus/../ip/altera/sopc_builder_ip/common -I C:/intelfpga_lite/18.1/quartus/../ip/altera/sopc_builder_ip/altera_avalon_jtag_uart -- C:/intelfpga_lite/18.1/quartus/../ip/altera/sopc_builder_ip/altera_avalon_jtag_uart/generate_rtl.pl --name=proj_jtag_uart_0 --dir=C:/Users/tangh/AppData/Local/Temp/alt0633_1869585245729341979.dir/0030_jtag_uart_0_gen/ --quartus_dir=C:/intelfpga_lite/18.1/quartus --verilog --config=C:/Users/tangh/AppData/Local/Temp/alt0633_1869585245729341979.dir/0030_jtag_uart_0_gen//proj_jtag_uart_0_component_configuration.pl  --do_build_sim=0  ]
Info: jtag_uart_0: Done RTL generation for module 'proj_jtag_uart_0'
Info: jtag_uart_0: "proj" instantiated altera_avalon_jtag_uart "jtag_uart_0"
Info: leds_0: "proj" instantiated leds "leds_0"
Info: nios2_gen2_0: "proj" instantiated altera_nios2_gen2 "nios2_gen2_0"
Info: onchip_memory2_0: Starting RTL generation for module 'proj_onchip_memory2_0'
Info: onchip_memory2_0:   Generation command is [exec C:/intelfpga_lite/18.1/quartus/bin64/perl/bin/perl.exe -I C:/intelfpga_lite/18.1/quartus/bin64/perl/lib -I C:/intelfpga_lite/18.1/quartus/sopc_builder/bin/europa -I C:/intelfpga_lite/18.1/quartus/sopc_builder/bin/perl_lib -I C:/intelfpga_lite/18.1/quartus/sopc_builder/bin -I C:/intelfpga_lite/18.1/quartus/../ip/altera/sopc_builder_ip/common -I C:/intelfpga_lite/18.1/quartus/../ip/altera/sopc_builder_ip/altera_avalon_onchip_memory2 -- C:/intelfpga_lite/18.1/quartus/../ip/altera/sopc_builder_ip/altera_avalon_onchip_memory2/generate_rtl.pl --name=proj_onchip_memory2_0 --dir=C:/Users/tangh/AppData/Local/Temp/alt0633_1869585245729341979.dir/0032_onchip_memory2_0_gen/ --quartus_dir=C:/intelfpga_lite/18.1/quartus --verilog --config=C:/Users/tangh/AppData/Local/Temp/alt0633_1869585245729341979.dir/0032_onchip_memory2_0_gen//proj_onchip_memory2_0_component_configuration.pl  --do_build_sim=0  ]
Info: onchip_memory2_0: Done RTL generation for module 'proj_onchip_memory2_0'
Info: onchip_memory2_0: "proj" instantiated altera_avalon_onchip_memory2 "onchip_memory2_0"
Info: rx_0: "proj" instantiated rx "rx_0"
Info: tx_0: "proj" instantiated tx "tx_0"
Info: urx_0: "proj" instantiated urx "urx_0"
Info: avalon_st_adapter: Inserting error_adapter: error_adapter_0
Info: avalon_st_adapter_001: Inserting error_adapter: error_adapter_0
Info: avalon_st_adapter_002: Inserting error_adapter: error_adapter_0
Info: avalon_st_adapter_003: Inserting error_adapter: error_adapter_0
Info: avalon_st_adapter_004: Inserting error_adapter: error_adapter_0
Info: avalon_st_adapter_005: Inserting error_adapter: error_adapter_0
Info: avalon_st_adapter_006: Inserting error_adapter: error_adapter_0
Info: mm_interconnect_0: "proj" instantiated altera_mm_interconnect "mm_interconnect_0"
Info: irq_mapper: "proj" instantiated altera_irq_mapper "irq_mapper"
Info: rst_controller: "proj" instantiated altera_reset_controller "rst_controller"
Info: cpu: Starting RTL generation for module 'proj_nios2_gen2_0_cpu'
Info: cpu:   Generation command is [exec C:/intelFPGA_lite/18.1/quartus/bin64//eperlcmd.exe -I C:/intelFPGA_lite/18.1/quartus/bin64//perl/lib -I C:/intelfpga_lite/18.1/quartus/sopc_builder/bin/europa -I C:/intelfpga_lite/18.1/quartus/sopc_builder/bin/perl_lib -I C:/intelfpga_lite/18.1/quartus/sopc_builder/bin -I C:/intelfpga_lite/18.1/quartus/../ip/altera/nios2_ip/altera_nios2_gen2/cpu_lib -I C:/intelfpga_lite/18.1/quartus/../ip/altera/nios2_ip/altera_nios2_gen2/nios_lib -I C:/intelfpga_lite/18.1/quartus/../ip/altera/nios2_ip/altera_nios2_gen2 -I C:/intelfpga_lite/18.1/quartus/../ip/altera/nios2_ip/altera_nios2_gen2 -- C:/intelfpga_lite/18.1/quartus/../ip/altera/nios2_ip/altera_nios2_gen2/generate_rtl.epl --name=proj_nios2_gen2_0_cpu --dir=C:/Users/tangh/AppData/Local/Temp/alt0633_1869585245729341979.dir/0038_cpu_gen/ --quartus_bindir=C:/intelFPGA_lite/18.1/quartus/bin64/ --verilog --config=C:/Users/tangh/AppData/Local/Temp/alt0633_1869585245729341979.dir/0038_cpu_gen//proj_nios2_gen2_0_cpu_processor_configuration.pl  --do_build_sim=0  ]
Info: cpu: # 2026.06.29 17:40:06 (*) Starting Nios II generation
Info: cpu: # 2026.06.29 17:40:06 (*)   Checking for plaintext license.
Info: cpu: # 2026.06.29 17:40:07 (*)   Couldn't query license setup in Quartus directory C:/intelFPGA_lite/18.1/quartus/bin64/
Info: cpu: # 2026.06.29 17:40:07 (*)   Defaulting to contents of LM_LICENSE_FILE environment variable
Info: cpu: # 2026.06.29 17:40:07 (*)   Plaintext license not found.
Info: cpu: # 2026.06.29 17:40:07 (*)   No license required to generate encrypted Nios II/e.
Info: cpu: # 2026.06.29 17:40:07 (*)   Elaborating CPU configuration settings
Info: cpu: # 2026.06.29 17:40:07 (*)   Creating all objects for CPU
Info: cpu: # 2026.06.29 17:40:08 (*)   Generating RTL from CPU objects
Info: cpu: # 2026.06.29 17:40:08 (*)   Creating plain-text RTL
Info: cpu: # 2026.06.29 17:40:08 (*) Done Nios II generation
Info: cpu: Done RTL generation for module 'proj_nios2_gen2_0_cpu'
Info: cpu: "nios2_gen2_0" instantiated altera_nios2_gen2_unit "cpu"
Info: nios2_gen2_0_data_master_translator: "mm_interconnect_0" instantiated altera_merlin_master_translator "nios2_gen2_0_data_master_translator"
Info: jtag_uart_0_avalon_jtag_slave_translator: "mm_interconnect_0" instantiated altera_merlin_slave_translator "jtag_uart_0_avalon_jtag_slave_translator"
Info: nios2_gen2_0_data_master_agent: "mm_interconnect_0" instantiated altera_merlin_master_agent "nios2_gen2_0_data_master_agent"
Info: jtag_uart_0_avalon_jtag_slave_agent: "mm_interconnect_0" instantiated altera_merlin_slave_agent "jtag_uart_0_avalon_jtag_slave_agent"
Info: jtag_uart_0_avalon_jtag_slave_agent_rsp_fifo: "mm_interconnect_0" instantiated altera_avalon_sc_fifo "jtag_uart_0_avalon_jtag_slave_agent_rsp_fifo"
Info: router: "mm_interconnect_0" instantiated altera_merlin_router "router"
Info: router_002: "mm_interconnect_0" instantiated altera_merlin_router "router_002"
Info: cmd_demux: "mm_interconnect_0" instantiated altera_merlin_demultiplexer "cmd_demux"
Info: cmd_mux: "mm_interconnect_0" instantiated altera_merlin_multiplexer "cmd_mux"
Info: rsp_demux: "mm_interconnect_0" instantiated altera_merlin_demultiplexer "rsp_demux"
Info: rsp_mux: "mm_interconnect_0" instantiated altera_merlin_multiplexer "rsp_mux"
Info: Reusing file C:/Users/tangh/TANGHV/code/MAVLink/proj/synthesis/submodules/altera_merlin_arbitrator.sv
Info: avalon_st_adapter: "mm_interconnect_0" instantiated altera_avalon_st_adapter "avalon_st_adapter"
Info: error_adapter_0: "avalon_st_adapter" instantiated error_adapter "error_adapter_0"
Info: proj: Done "proj" with 25 modules, 37 files
Info: qsys-generate succeeded.
Info: Finished: Create HDL design files for synthesis
